2026-08-12 12:03:54.051 [background-preinit] INFO  o.h.validator.internal.util.Version - HV000001: Hibernate Validator 8.0.3.Final
2026-08-12 12:03:54.090 [main] INFO  c.a.TorqueDesk.TorqueDeskApplication - Starting TorqueDeskApplication using Java 21.0.11 with PID 9872 (C:\Users\ander\IdeaProjects\TorqueDesk\target\classes started by ander in C:\Users\ander\IdeaProjects\TorqueDesk)
2026-08-12 12:03:54.090 [main] DEBUG c.a.TorqueDesk.TorqueDeskApplication - Running with Spring Boot v3.5.14, Spring v6.2.18
2026-08-12 12:03:54.091 [main] INFO  c.a.TorqueDesk.TorqueDeskApplication - The following 1 profile is active: "dev"
2026-08-12 12:03:55.102 [main] INFO  o.s.d.r.c.RepositoryConfigurationDelegate - Multiple Spring Data modules found, entering strict repository configuration mode
2026-08-12 12:03:55.104 [main] INFO  o.s.d.r.c.RepositoryConfigurationDelegate - Bootstrapping Spring Data JPA repositories in DEFAULT mode.
2026-08-12 12:03:55.183 [main] INFO  o.s.d.r.c.RepositoryConfigurationDelegate - Finished Spring Data repository scanning in 71 ms. Found 6 JPA repository interfaces.
2026-08-12 12:03:55.685 [main] INFO  o.s.b.w.e.tomcat.TomcatWebServer - Tomcat initialized with port 8080 (http)
2026-08-12 12:03:55.695 [main] INFO  o.a.coyote.http11.Http11NioProtocol - Initializing ProtocolHandler ["http-nio-8080"]
2026-08-12 12:03:55.697 [main] INFO  o.a.catalina.core.StandardService - Starting service [Tomcat]
2026-08-12 12:03:55.697 [main] INFO  o.a.catalina.core.StandardEngine - Starting Servlet engine: [Apache Tomcat/10.1.54]
2026-08-12 12:03:55.745 [main] INFO  o.a.c.c.C.[Tomcat].[localhost].[/] - Initializing Spring embedded WebApplicationContext
2026-08-12 12:03:55.745 [main] INFO  o.s.b.w.s.c.ServletWebServerApplicationContext - Root WebApplicationContext: initialization completed in 1615 ms
2026-08-12 12:03:55.996 [main] INFO  com.zaxxer.hikari.HikariDataSource - HikariPool-1 - Starting...
2026-08-12 12:03:56.240 [main] INFO  com.zaxxer.hikari.pool.HikariPool - HikariPool-1 - Added connection org.postgresql.jdbc.PgConnection@3d98729a
2026-08-12 12:03:56.241 [main] INFO  com.zaxxer.hikari.HikariDataSource - HikariPool-1 - Start completed.
2026-08-12 12:03:56.260 [main] INFO  org.flywaydb.core.FlywayExecutor - Database: jdbc:postgresql://localhost:5432/torquedesk_db (PostgreSQL 18.4)
2026-08-12 12:03:56.273 [main] WARN  o.f.c.i.database.base.Database - Flyway upgrade recommended: PostgreSQL 18.4 is newer than this version of Flyway and support has not been tested. The latest supported version of PostgreSQL is 17.
2026-08-12 12:03:56.304 [main] INFO  o.f.core.internal.command.DbValidate - Successfully validated 2 migrations (execution time 00:00.021s)
2026-08-12 12:03:56.347 [main] INFO  o.f.core.internal.command.DbMigrate - Current version of schema "public": 2
2026-08-12 12:03:56.350 [main] INFO  o.f.core.internal.command.DbMigrate - Schema "public" is up to date. No migration necessary.
2026-08-12 12:03:56.419 [main] INFO  o.h.jpa.internal.util.LogHelper - HHH000204: Processing PersistenceUnitInfo [name: default]
2026-08-12 12:03:56.479 [main] INFO  org.hibernate.Version - HHH000412: Hibernate ORM core version 6.6.49.Final
2026-08-12 12:03:56.515 [main] INFO  o.h.c.i.RegionFactoryInitiator - HHH000026: Second-level cache disabled
2026-08-12 12:03:56.715 [main] INFO  o.s.o.j.p.SpringPersistenceUnitInfo - No LoadTimeWeaver setup: ignoring JPA class transformer
2026-08-12 12:03:56.773 [main] INFO  o.hibernate.orm.connections.pooling - HHH10001005: Database info:
	Database JDBC URL [Connecting through datasource 'HikariDataSource (HikariPool-1)']
	Database driver: undefined/unknown
	Database version: 18.4
	Autocommit mode: undefined/unknown
	Isolation level: undefined/unknown
	Minimum pool size: undefined/unknown
	Maximum pool size: undefined/unknown
2026-08-12 12:03:57.425 [main] INFO  o.h.e.t.j.p.i.JtaPlatformInitiator - HHH000489: No JTA platform available (set 'hibernate.transaction.jta.platform' to enable JTA platform integration)
2026-08-12 12:03:57.460 [main] INFO  o.s.o.j.LocalContainerEntityManagerFactoryBean - Initialized JPA EntityManagerFactory for persistence unit 'default'
2026-08-12 12:03:57.654 [main] INFO  o.s.d.j.r.query.QueryEnhancerFactory - Hibernate is in classpath; If applicable, HQL parser will be used.
2026-08-12 12:03:57.967 [main] DEBUG c.a.T.s.jwt.JwtAuthenticationFilter - Filter 'jwtAuthenticationFilter' configured for use
2026-08-12 12:03:58.062 [main] INFO  o.s.s.c.a.a.c.InitializeUserDetailsBeanManagerConfigurer$InitializeUserDetailsManagerConfigurer - Global AuthenticationManager configured with UserDetailsService bean with name customUserDetailsService
2026-08-12 12:03:58.202 [main] WARN  o.s.b.a.o.j.JpaBaseConfiguration$JpaWebConfiguration - spring.jpa.open-in-view is enabled by default. Therefore, database queries may be performed during view rendering. Explicitly configure spring.jpa.open-in-view to disable this warning
2026-08-12 12:03:58.583 [main] INFO  o.s.b.a.e.web.EndpointLinksResolver - Exposing 1 endpoint beneath base path '/actuator'
2026-08-12 12:03:58.867 [main] INFO  o.a.coyote.http11.Http11NioProtocol - Starting ProtocolHandler ["http-nio-8080"]
2026-08-12 12:03:58.880 [main] INFO  o.s.b.w.e.tomcat.TomcatWebServer - Tomcat started on port 8080 (http) with context path '/'
2026-08-12 12:03:58.889 [main] INFO  c.a.TorqueDesk.TorqueDeskApplication - Started TorqueDeskApplication in 5.221 seconds (process running for 5.554)
2026-08-12 12:03:58.944 [main] WARN  o.s.c.events.SpringDocAppInitializer - SpringDoc /v3/api-docs endpoint is enabled by default. To disable it in production, set the property 'springdoc.api-docs.enabled=false'
2026-08-12 12:03:58.944 [main] WARN  o.s.c.events.SpringDocAppInitializer - SpringDoc /swagger-ui.html endpoint is enabled by default. To disable it in production, set the property 'springdoc.swagger-ui.enabled=false'
2026-08-12 12:04:01.777 [http-nio-8080-exec-1] INFO  o.a.c.c.C.[Tomcat].[localhost].[/] - Initializing Spring DispatcherServlet 'dispatcherServlet'
2026-08-12 12:04:01.777 [http-nio-8080-exec-1] INFO  o.s.web.servlet.DispatcherServlet - Initializing Servlet 'dispatcherServlet'
2026-08-12 12:04:01.778 [http-nio-8080-exec-1] INFO  o.s.web.servlet.DispatcherServlet - Completed initialization in 1 ms
2026-08-12 12:04:01.798 [http-nio-8080-exec-1] DEBUG c.a.T.s.jwt.JwtAuthenticationFilter - Header extract from request.getHeader("Authorization"): null
2026-08-12 12:04:01.836 [http-nio-8080-exec-2] DEBUG c.a.T.s.jwt.JwtAuthenticationFilter - Header extract from request.getHeader("Authorization"): null
2026-08-12 12:04:01.836 [http-nio-8080-exec-3] DEBUG c.a.T.s.jwt.JwtAuthenticationFilter - Header extract from request.getHeader("Authorization"): null
2026-08-12 12:04:01.837 [http-nio-8080-exec-4] DEBUG c.a.T.s.jwt.JwtAuthenticationFilter - Header extract from request.getHeader("Authorization"): null
2026-08-12 12:04:01.837 [http-nio-8080-exec-6] DEBUG c.a.T.s.jwt.JwtAuthenticationFilter - Header extract from request.getHeader("Authorization"): null
2026-08-12 12:04:01.837 [http-nio-8080-exec-5] DEBUG c.a.T.s.jwt.JwtAuthenticationFilter - Header extract from request.getHeader("Authorization"): null
2026-08-12 12:04:01.950 [http-nio-8080-exec-8] DEBUG c.a.T.s.jwt.JwtAuthenticationFilter - Header extract from request.getHeader("Authorization"): null
2026-08-12 12:04:01.950 [http-nio-8080-exec-7] DEBUG c.a.T.s.jwt.JwtAuthenticationFilter - Header extract from request.getHeader("Authorization"): null
2026-08-12 12:04:01.988 [http-nio-8080-exec-9] DEBUG c.a.T.s.jwt.JwtAuthenticationFilter - Header extract from request.getHeader("Authorization"): null
2026-08-12 12:04:02.202 [http-nio-8080-exec-9] INFO  o.s.api.AbstractOpenApiResource - Init duration for springdoc-openapi is: 205 ms
2026-08-12 12:06:02.089 [SpringApplicationShutdownHook] INFO  o.s.b.w.e.tomcat.GracefulShutdown - Commencing graceful shutdown. Waiting for active requests to complete
2026-08-12 12:06:02.092 [tomcat-shutdown] INFO  o.s.b.w.e.tomcat.GracefulShutdown - Graceful shutdown complete
2026-08-12 12:06:02.100 [SpringApplicationShutdownHook] INFO  o.s.o.j.LocalContainerEntityManagerFactoryBean - Closing JPA EntityManagerFactory for persistence unit 'default'
2026-08-12 12:06:02.102 [SpringApplicationShutdownHook] INFO  com.zaxxer.hikari.HikariDataSource - HikariPool-1 - Shutdown initiated...
2026-08-12 12:06:02.105 [SpringApplicationShutdownHook] INFO  com.zaxxer.hikari.HikariDataSource - HikariPool-1 - Shutdown completed.
2026-08-12 12:06:04.331 [background-preinit] INFO  o.h.validator.internal.util.Version - HV000001: Hibernate Validator 8.0.3.Final
2026-08-12 12:06:04.358 [main] INFO  c.a.TorqueDesk.TorqueDeskApplication - Starting TorqueDeskApplication using Java 21.0.11 with PID 13572 (C:\Users\ander\IdeaProjects\TorqueDesk\target\classes started by ander in C:\Users\ander\IdeaProjects\TorqueDesk)
2026-08-12 12:06:04.359 [main] DEBUG c.a.TorqueDesk.TorqueDeskApplication - Running with Spring Boot v3.5.14, Spring v6.2.18
2026-08-12 12:06:04.359 [main] INFO  c.a.TorqueDesk.TorqueDeskApplication - The following 1 profile is active: "dev"
2026-08-12 12:06:05.161 [main] INFO  o.s.d.r.c.RepositoryConfigurationDelegate - Multiple Spring Data modules found, entering strict repository configuration mode
2026-08-12 12:06:05.162 [main] INFO  o.s.d.r.c.RepositoryConfigurationDelegate - Bootstrapping Spring Data JPA repositories in DEFAULT mode.
2026-08-12 12:06:05.228 [main] INFO  o.s.d.r.c.RepositoryConfigurationDelegate - Finished Spring Data repository scanning in 59 ms. Found 6 JPA repository interfaces.
2026-08-12 12:06:05.665 [main] INFO  o.s.b.w.e.tomcat.TomcatWebServer - Tomcat initialized with port 8080 (http)
2026-08-12 12:06:05.675 [main] INFO  o.a.coyote.http11.Http11NioProtocol - Initializing ProtocolHandler ["http-nio-8080"]
2026-08-12 12:06:05.676 [main] INFO  o.a.catalina.core.StandardService - Starting service [Tomcat]
2026-08-12 12:06:05.677 [main] INFO  o.a.catalina.core.StandardEngine - Starting Servlet engine: [Apache Tomcat/10.1.54]
2026-08-12 12:06:05.721 [main] INFO  o.a.c.c.C.[Tomcat].[localhost].[/] - Initializing Spring embedded WebApplicationContext
2026-08-12 12:06:05.722 [main] INFO  o.s.b.w.s.c.ServletWebServerApplicationContext - Root WebApplicationContext: initialization completed in 1329 ms
2026-08-12 12:06:05.955 [main] INFO  com.zaxxer.hikari.HikariDataSource - HikariPool-1 - Starting...
2026-08-12 12:06:06.071 [main] INFO  com.zaxxer.hikari.pool.HikariPool - HikariPool-1 - Added connection org.postgresql.jdbc.PgConnection@4bc21e34
2026-08-12 12:06:06.072 [main] INFO  com.zaxxer.hikari.HikariDataSource - HikariPool-1 - Start completed.
2026-08-12 12:06:06.090 [main] INFO  org.flywaydb.core.FlywayExecutor - Database: jdbc:postgresql://localhost:5432/torquedesk_db (PostgreSQL 18.4)
2026-08-12 12:06:06.096 [main] WARN  o.f.c.i.database.base.Database - Flyway upgrade recommended: PostgreSQL 18.4 is newer than this version of Flyway and support has not been tested. The latest supported version of PostgreSQL is 17.
2026-08-12 12:06:06.132 [main] INFO  o.f.core.internal.command.DbValidate - Successfully validated 2 migrations (execution time 00:00.028s)
2026-08-12 12:06:06.276 [main] INFO  o.f.core.internal.command.DbMigrate - Current version of schema "public": 2
2026-08-12 12:06:06.278 [main] INFO  o.f.core.internal.command.DbMigrate - Schema "public" is up to date. No migration necessary.
2026-08-12 12:06:06.354 [main] INFO  o.h.jpa.internal.util.LogHelper - HHH000204: Processing PersistenceUnitInfo [name: default]
2026-08-12 12:06:06.388 [main] INFO  org.hibernate.Version - HHH000412: Hibernate ORM core version 6.6.49.Final
2026-08-12 12:06:06.412 [main] INFO  o.h.c.i.RegionFactoryInitiator - HHH000026: Second-level cache disabled
2026-08-12 12:06:06.594 [main] INFO  o.s.o.j.p.SpringPersistenceUnitInfo - No LoadTimeWeaver setup: ignoring JPA class transformer
2026-08-12 12:06:06.646 [main] INFO  o.hibernate.orm.connections.pooling - HHH10001005: Database info:
	Database JDBC URL [Connecting through datasource 'HikariDataSource (HikariPool-1)']
	Database driver: undefined/unknown
	Database version: 18.4
	Autocommit mode: undefined/unknown
	Isolation level: undefined/unknown
	Minimum pool size: undefined/unknown
	Maximum pool size: undefined/unknown
2026-08-12 12:06:07.258 [main] INFO  o.h.e.t.j.p.i.JtaPlatformInitiator - HHH000489: No JTA platform available (set 'hibernate.transaction.jta.platform' to enable JTA platform integration)
2026-08-12 12:06:07.279 [main] INFO  o.s.o.j.LocalContainerEntityManagerFactoryBean - Initialized JPA EntityManagerFactory for persistence unit 'default'
2026-08-12 12:06:07.445 [main] INFO  o.s.d.j.r.query.QueryEnhancerFactory - Hibernate is in classpath; If applicable, HQL parser will be used.
2026-08-12 12:06:07.750 [main] DEBUG c.a.T.s.jwt.JwtAuthenticationFilter - Filter 'jwtAuthenticationFilter' configured for use
2026-08-12 12:06:07.839 [main] INFO  o.s.s.c.a.a.c.InitializeUserDetailsBeanManagerConfigurer$InitializeUserDetailsManagerConfigurer - Global AuthenticationManager configured with UserDetailsService bean with name customUserDetailsService
2026-08-12 12:06:07.983 [main] WARN  o.s.b.a.o.j.JpaBaseConfiguration$JpaWebConfiguration - spring.jpa.open-in-view is enabled by default. Therefore, database queries may be performed during view rendering. Explicitly configure spring.jpa.open-in-view to disable this warning
2026-08-12 12:06:08.365 [main] INFO  o.s.b.a.e.web.EndpointLinksResolver - Exposing 1 endpoint beneath base path '/actuator'
2026-08-12 12:06:08.659 [main] INFO  o.a.coyote.http11.Http11NioProtocol - Starting ProtocolHandler ["http-nio-8080"]
2026-08-12 12:06:08.672 [main] INFO  o.s.b.w.e.tomcat.TomcatWebServer - Tomcat started on port 8080 (http) with context path '/'
2026-08-12 12:06:08.681 [main] INFO  c.a.TorqueDesk.TorqueDeskApplication - Started TorqueDeskApplication in 4.696 seconds (process running for 4.976)
2026-08-12 12:06:08.727 [main] WARN  o.s.c.events.SpringDocAppInitializer - SpringDoc /v3/api-docs endpoint is enabled by default. To disable it in production, set the property 'springdoc.api-docs.enabled=false'
2026-08-12 12:06:08.727 [main] WARN  o.s.c.events.SpringDocAppInitializer - SpringDoc /swagger-ui.html endpoint is enabled by default. To disable it in production, set the property 'springdoc.swagger-ui.enabled=false'
2026-08-12 12:06:30.325 [http-nio-8080-exec-1] INFO  o.a.c.c.C.[Tomcat].[localhost].[/] - Initializing Spring DispatcherServlet 'dispatcherServlet'
2026-08-12 12:06:30.325 [http-nio-8080-exec-1] INFO  o.s.web.servlet.DispatcherServlet - Initializing Servlet 'dispatcherServlet'
2026-08-12 12:06:30.325 [http-nio-8080-exec-1] INFO  o.s.web.servlet.DispatcherServlet - Completed initialization in 0 ms
2026-08-12 12:06:30.343 [http-nio-8080-exec-1] DEBUG c.a.T.s.jwt.JwtAuthenticationFilter - Header extract from request.getHeader("Authorization"): null
2026-08-12 12:06:30.572 [http-nio-8080-exec-1] DEBUG c.a.T.a.s.AuthenticationService - Authenticating user: [ROLE_SUPER_ADMIN]
2026-08-12 12:06:40.019 [http-nio-8080-exec-4] DEBUG c.a.T.s.jwt.JwtAuthenticationFilter - Header extract from request.getHeader("Authorization"): null
2026-08-12 12:06:40.189 [http-nio-8080-exec-4] INFO  o.s.api.AbstractOpenApiResource - Init duration for springdoc-openapi is: 162 ms
2026-08-12 12:07:54.337 [http-nio-8080-exec-2] DEBUG c.a.T.s.jwt.JwtAuthenticationFilter - Header extract from request.getHeader("Authorization"): null
2026-08-12 12:07:54.435 [http-nio-8080-exec-2] INFO  o.s.api.AbstractOpenApiResource - Init duration for springdoc-openapi is: 95 ms
2026-08-12 12:08:12.211 [http-nio-8080-exec-5] DEBUG c.a.T.s.jwt.JwtAuthenticationFilter - Header extract from request.getHeader("Authorization"): Bearer eyJhbGciOiJIUzM4NCJ9.eyJ0b2tlbl90eXBlIjoiSURFTlRJVFkiLCJ1c2VyX2lkIjoiMDAwMDAwMDAtMDAwMC0wMDAwLTAwMDAtMDAwMDAwMDAwMDAxIiwic3ViIjoiYWRtaW5AdG9ycXVlZGVzay5jb20iLCJpYXQiOjE3ODY1NDcxOTAsImV4cCI6MTg3NjU0NzE5MH0.fGiPXg_hVM6Z1PiGK5wuKIkStHCHuFHL-Yz2u3n_yNDBImGEA2p7pDkn4Chksr2Z
2026-08-12 12:08:12.236 [http-nio-8080-exec-5] INFO  c.a.T.s.jwt.JwtAuthenticationFilter - IdentityPrincipal built
2026-08-12 12:08:12.236 [http-nio-8080-exec-5] DEBUG c.a.T.s.jwt.JwtAuthenticationFilter - TorqueDeskPrincipal getAuthorities in authenticate case IDENTITY:[ROLE_SUPER_ADMIN]
2026-08-12 12:08:12.237 [http-nio-8080-exec-5] DEBUG c.a.T.s.jwt.JwtAuthenticationFilter - authentication set
2026-08-12 12:08:57.154 [http-nio-8080-exec-7] DEBUG c.a.T.s.jwt.JwtAuthenticationFilter - Header extract from request.getHeader("Authorization"): Bearer eyJhbGciOiJIUzM4NCJ9.eyJ0b2tlbl90eXBlIjoiSURFTlRJVFkiLCJ1c2VyX2lkIjoiMDAwMDAwMDAtMDAwMC0wMDAwLTAwMDAtMDAwMDAwMDAwMDAxIiwic3ViIjoiYWRtaW5AdG9ycXVlZGVzay5jb20iLCJpYXQiOjE3ODY1NDcxOTAsImV4cCI6MTg3NjU0NzE5MH0.fGiPXg_hVM6Z1PiGK5wuKIkStHCHuFHL-Yz2u3n_yNDBImGEA2p7pDkn4Chksr2Z
2026-08-12 12:08:57.158 [http-nio-8080-exec-7] INFO  c.a.T.s.jwt.JwtAuthenticationFilter - IdentityPrincipal built
2026-08-12 12:08:57.158 [http-nio-8080-exec-7] DEBUG c.a.T.s.jwt.JwtAuthenticationFilter - TorqueDeskPrincipal getAuthorities in authenticate case IDENTITY:[ROLE_SUPER_ADMIN]
2026-08-12 12:08:57.159 [http-nio-8080-exec-7] DEBUG c.a.T.s.jwt.JwtAuthenticationFilter - authentication set
2026-08-12 12:12:15.475 [http-nio-8080-exec-9] DEBUG c.a.T.s.jwt.JwtAuthenticationFilter - Header extract from request.getHeader("Authorization"): Bearer eyJhbGciOiJIUzM4NCJ9.eyJ0b2tlbl90eXBlIjoiSURFTlRJVFkiLCJ1c2VyX2lkIjoiMDAwMDAwMDAtMDAwMC0wMDAwLTAwMDAtMDAwMDAwMDAwMDAxIiwic3ViIjoiYWRtaW5AdG9ycXVlZGVzay5jb20iLCJpYXQiOjE3ODY1NDcxOTAsImV4cCI6MTg3NjU0NzE5MH0.fGiPXg_hVM6Z1PiGK5wuKIkStHCHuFHL-Yz2u3n_yNDBImGEA2p7pDkn4Chksr2Z
2026-08-12 12:12:15.479 [http-nio-8080-exec-9] INFO  c.a.T.s.jwt.JwtAuthenticationFilter - IdentityPrincipal built
2026-08-12 12:12:15.479 [http-nio-8080-exec-9] DEBUG c.a.T.s.jwt.JwtAuthenticationFilter - TorqueDeskPrincipal getAuthorities in authenticate case IDENTITY:[ROLE_SUPER_ADMIN]
2026-08-12 12:12:15.479 [http-nio-8080-exec-9] DEBUG c.a.T.s.jwt.JwtAuthenticationFilter - authentication set
2026-08-12 12:12:50.458 [http-nio-8080-exec-10] DEBUG c.a.T.s.jwt.JwtAuthenticationFilter - Header extract from request.getHeader("Authorization"): Bearer eyJhbGciOiJIUzM4NCJ9.eyJ0b2tlbl90eXBlIjoiSURFTlRJVFkiLCJ1c2VyX2lkIjoiMDAwMDAwMDAtMDAwMC0wMDAwLTAwMDAtMDAwMDAwMDAwMDAxIiwic3ViIjoiYWRtaW5AdG9ycXVlZGVzay5jb20iLCJpYXQiOjE3ODY1NDcxOTAsImV4cCI6MTg3NjU0NzE5MH0.fGiPXg_hVM6Z1PiGK5wuKIkStHCHuFHL-Yz2u3n_yNDBImGEA2p7pDkn4Chksr2Z
2026-08-12 12:12:50.461 [http-nio-8080-exec-10] INFO  c.a.T.s.jwt.JwtAuthenticationFilter - IdentityPrincipal built
2026-08-12 12:12:50.461 [http-nio-8080-exec-10] DEBUG c.a.T.s.jwt.JwtAuthenticationFilter - TorqueDeskPrincipal getAuthorities in authenticate case IDENTITY:[ROLE_SUPER_ADMIN]
2026-08-12 12:12:50.461 [http-nio-8080-exec-10] DEBUG c.a.T.s.jwt.JwtAuthenticationFilter - authentication set
2026-08-12 12:13:14.629 [http-nio-8080-exec-1] DEBUG c.a.T.s.jwt.JwtAuthenticationFilter - Header extract from request.getHeader("Authorization"): Bearer eyJhbGciOiJIUzM4NCJ9.eyJ0b2tlbl90eXBlIjoiSURFTlRJVFkiLCJ1c2VyX2lkIjoiMDAwMDAwMDAtMDAwMC0wMDAwLTAwMDAtMDAwMDAwMDAwMDAxIiwic3ViIjoiYWRtaW5AdG9ycXVlZGVzay5jb20iLCJpYXQiOjE3ODY1NDcxOTAsImV4cCI6MTg3NjU0NzE5MH0.fGiPXg_hVM6Z1PiGK5wuKIkStHCHuFHL-Yz2u3n_yNDBImGEA2p7pDkn4Chksr2Z
2026-08-12 12:13:14.632 [http-nio-8080-exec-1] INFO  c.a.T.s.jwt.JwtAuthenticationFilter - IdentityPrincipal built
2026-08-12 12:13:14.632 [http-nio-8080-exec-1] DEBUG c.a.T.s.jwt.JwtAuthenticationFilter - TorqueDeskPrincipal getAuthorities in authenticate case IDENTITY:[ROLE_SUPER_ADMIN]
2026-08-12 12:13:14.632 [http-nio-8080-exec-1] DEBUG c.a.T.s.jwt.JwtAuthenticationFilter - authentication set
2026-08-12 12:14:16.549 [http-nio-8080-exec-3] DEBUG c.a.T.s.jwt.JwtAuthenticationFilter - Header extract from request.getHeader("Authorization"): null
2026-08-12 12:14:16.609 [http-nio-8080-exec-3] INFO  o.s.api.AbstractOpenApiResource - Init duration for springdoc-openapi is: 58 ms
2026-08-12 12:14:28.548 [http-nio-8080-exec-2] DEBUG c.a.T.s.jwt.JwtAuthenticationFilter - Header extract from request.getHeader("Authorization"): null
2026-08-12 12:14:28.603 [http-nio-8080-exec-2] INFO  o.s.api.AbstractOpenApiResource - Init duration for springdoc-openapi is: 53 ms
2026-08-12 12:22:59.478 [http-nio-8080-exec-6] DEBUG c.a.T.s.jwt.JwtAuthenticationFilter - Header extract from request.getHeader("Authorization"): Bearer eyJhbGciOiJIUzM4NCJ9.eyJ0b2tlbl90eXBlIjoiSURFTlRJVFkiLCJ1c2VyX2lkIjoiMDAwMDAwMDAtMDAwMC0wMDAwLTAwMDAtMDAwMDAwMDAwMDAxIiwic3ViIjoiYWRtaW5AdG9ycXVlZGVzay5jb20iLCJpYXQiOjE3ODY1NDcxOTAsImV4cCI6MTg3NjU0NzE5MH0.fGiPXg_hVM6Z1PiGK5wuKIkStHCHuFHL-Yz2u3n_yNDBImGEA2p7pDkn4Chksr2Z
2026-08-12 12:22:59.482 [http-nio-8080-exec-6] INFO  c.a.T.s.jwt.JwtAuthenticationFilter - IdentityPrincipal built
2026-08-12 12:22:59.482 [http-nio-8080-exec-6] DEBUG c.a.T.s.jwt.JwtAuthenticationFilter - TorqueDeskPrincipal getAuthorities in authenticate case IDENTITY:[ROLE_SUPER_ADMIN]
2026-08-12 12:22:59.482 [http-nio-8080-exec-6] DEBUG c.a.T.s.jwt.JwtAuthenticationFilter - authentication set
2026-08-12 12:23:29.484 [http-nio-8080-exec-7] DEBUG c.a.T.s.jwt.JwtAuthenticationFilter - Header extract from request.getHeader("Authorization"): null
2026-08-12 12:23:31.000 [http-nio-8080-exec-8] DEBUG c.a.T.s.jwt.JwtAuthenticationFilter - Header extract from request.getHeader("Authorization"): null
2026-08-12 12:23:36.858 [http-nio-8080-exec-9] DEBUG c.a.T.s.jwt.JwtAuthenticationFilter - Header extract from request.getHeader("Authorization"): null
2026-08-12 12:23:36.911 [http-nio-8080-exec-9] INFO  o.s.api.AbstractOpenApiResource - Init duration for springdoc-openapi is: 51 ms
2026-08-12 12:24:06.214 [http-nio-8080-exec-10] DEBUG c.a.T.s.jwt.JwtAuthenticationFilter - Header extract from request.getHeader("Authorization"): null
2026-08-12 12:24:06.264 [http-nio-8080-exec-10] INFO  o.s.api.AbstractOpenApiResource - Init duration for springdoc-openapi is: 47 ms
2026-08-12 12:24:19.378 [SpringApplicationShutdownHook] INFO  o.s.b.w.e.tomcat.GracefulShutdown - Commencing graceful shutdown. Waiting for active requests to complete
2026-08-12 12:24:19.381 [tomcat-shutdown] INFO  o.s.b.w.e.tomcat.GracefulShutdown - Graceful shutdown complete
2026-08-12 12:24:19.388 [SpringApplicationShutdownHook] INFO  o.s.o.j.LocalContainerEntityManagerFactoryBean - Closing JPA EntityManagerFactory for persistence unit 'default'
2026-08-12 12:24:19.389 [SpringApplicationShutdownHook] INFO  com.zaxxer.hikari.HikariDataSource - HikariPool-1 - Shutdown initiated...
2026-08-12 12:24:19.392 [SpringApplicationShutdownHook] INFO  com.zaxxer.hikari.HikariDataSource - HikariPool-1 - Shutdown completed.
